// Vitest Snapshot v1, https://vitest.dev/guide/snapshot.html

exports[`GlobalNotFound > should match snapshot 1`] = `
<div>
  <div
    data-testid="error-page"
  >
    <h1>
      Not Found!
    </h1>
    <p>
      Could not find resource
    </p>
  </div>
</div>
`;
