// Vitest Snapshot v1, https://vitest.dev/guide/snapshot.html

exports[`Login Page > should match snapshot 1`] = `
<div>
  <div
    data-testid="login-form"
  >
    Login Form
  </div>
</div>
`;
