// Vitest Snapshot v1, https://vitest.dev/guide/snapshot.html

exports[`MainPage > should match snapshot 1`] = `
<div>
  <div
    data-testid="main-component"
  />
</div>
`;
